"iVBORw0KGgoAAAANSUhEUgAAAIwAAACMCAYAAACuwEE+AAAAAXNSR0IArs4c6QAAAARnQU1BAACxjwv8YQUAAAAJcEhZcwAADsMAAA7DAcdvqGQAAAJ1SURBVHhe7dJBakQxDETBuXnm5pMLtAUNDh7/1KI2BguB3uvn8/o03u83/5hgqAiGimCoCIaKYKgIhopgqAiGimCoCIaKYKi80uMkRbSS/nM3wVARDBXBUBEMFcFQEQwVwVARDBXBUBEMlTqYRopokmbwXQRDRTBUBENFMFQEQ0UwVARDRTBUBENFMFQEQ+VPg2mliCZpBn9LMFQEQ0UwVARDRTBUBENFMFQEQ0UwVARDRTBUvioYvp9gqAiGimCoCIaKYKgIhopgqAiGimCoCIaKYKgIhopgqAiGimCoCIaKYKgIhopgqAiGimCoCIaKYKgIhopgqAiGimCoCIaKYKgIhopgqAiGimCoCIaKYKgIhopgqAiGimCoCIaKYKgIhopgqAiGimCoCIaKYKgIhopgqAiGimCoCIaKYKgIhopgqAiGimCoCOYCP59XJc3YRTAXSFFM0oxdBHOBFMUkzdhFMBdIUUzSjF0Ec4EUxSTN2EUwF0hRTNKMXQRzgRTFJM3YRTAXSFFM0oxdBHOBFMUkzdhFMBdIUUzSjF0Ec4EUxSTN2EUwF0hRTNKMXQTzQCmilfR/IpgHSmGspP8TwTxQCmMl/Z8I5oFSGCvp/0QwD5TCWEn/J4J5oBTGSvo/EcwDpTBW0v+JYB4ohbGS/k8E80ApjJX0fyKYB0phrKT/E8E8UApjJf2fCOaAdLhT0n4TwRyQDndK2m8imAPS4U5J+00Ec0A63Clpv4lgDkiHOyXtNxHMAelwp6T9JoI5IB3ulLTfRDAHpMOdkvabCOaAdLhT0n4TwRyQDndK2m8imAPS4U5J+00Ec0A63Clpv7X35xf8uhz2LD+nQwAAAABJRU5ErkJggg=="
